eeschema (2010-05-05 BZR 2356)-stable  >> Creation date: 01/10/11 18:07:10

#Cmp ( order = Value )
| 100          R1        ; RC03        ;             ;             ;             ;             ;             ;             ;             ;             
| 100          R2        ; RC03        ;             ;             ;             ;             ;             ;             ;             ;             
| 100          R3        ; RC03        ;             ;             ;             ;             ;             ;             ;             ;             
| 100          R4        ; RC03        ;             ;             ;             ;             ;             ;             ;             ;             
| 100          R5        ; RC03        ;             ;             ;             ;             ;             ;             ;             ;             
| 100          R6        ; RC03        ;             ;             ;             ;             ;             ;             ;             ;             
| 100          R7        ; RC03        ;             ;             ;             ;             ;             ;             ;             ;             
| 100          R8        ; RC03        ;             ;             ;             ;             ;             ;             ;             ;             
| 100          R9        ; RC03        ;             ;             ;             ;             ;             ;             ;             ;             
| 100          R10       ; RC03        ;             ;             ;             ;             ;             ;             ;             ;             
| 100          R11       ; RC03        ;             ;             ;             ;             ;             ;             ;             ;             
| 100          R12       ; RC03        ;             ;             ;             ;             ;             ;             ;             ;             
| 100          R13       ; RC03        ;             ;             ;             ;             ;             ;             ;             ;             
| 100          R14       ; RC03        ;             ;             ;             ;             ;             ;             ;             ;             
| 100          R15       ; RC03        ;             ;             ;             ;             ;             ;             ;             ;             
| 100          R16       ; RC03        ;             ;             ;             ;             ;             ;             ;             ;             
| 100E         R30       ; RC03        ;             ;             ;             ;             ;             ;             ;             ;             
| 100n         C3        ; C2          ;             ;             ;             ;             ;             ;             ;             ;             
| 100n         C6        ; C2          ;             ;             ;             ;             ;             ;             ;             ;             
| 100n         C7        ; C2          ;             ;             ;             ;             ;             ;             ;             ;             
| 100n         C9        ; C2          ;             ;             ;             ;             ;             ;             ;             ;             
| 100u         C8        ; CP_5x11mm   ;             ;             ;             ;             ;             ;             ;             ;             
| 100u         C10       ; CP_5x11mm   ;             ;             ;             ;             ;             ;             ;             ;             
| 10k          R17       ; RC03        ;             ;             ;             ;             ;             ;             ;             ;             
| 10k          R18       ; RC03        ;             ;             ;             ;             ;             ;             ;             ;             
| 10k          R19       ; RC03        ;             ;             ;             ;             ;             ;             ;             ;             
| 10k          R22       ; RC03        ;             ;             ;             ;             ;             ;             ;             ;             
| 10k          R23       ; RC03        ;             ;             ;             ;             ;             ;             ;             ;             
| 10K          R31       ; RC03        ;             ;             ;             ;             ;             ;             ;             ;             
| 16MHz        X1        ; XTAL        ; 490-1214-ND ;             ;             ;             ;             ;             ;             ;             
| 1k           R25       ; RC03        ;             ;             ;             ;             ;             ;             ;             ;             
| 1k           R26       ; RC03        ;             ;             ;             ;             ;             ;             ;             ;             
| 1N4007       D3        ; diode_do41  ;             ;             ;             ;             ;             ;             ;             ;             
| 1N4148       D1        ; diode_do35  ;             ;             ;             ;             ;             ;             ;             ;             
| 2N5401       Q1        ; to92_2N5401 ;             ;             ;             ;             ;             ;             ;             ;             
| 2N5401       Q2        ; to92_2N5401 ;             ;             ;             ;             ;             ;             ;             ;             
| 2N5401       Q3        ; to92_2N5401 ;             ;             ;             ;             ;             ;             ;             ;             
| 2N5401       Q4        ; to92_2N5401 ;             ;             ;             ;             ;             ;             ;             ;             
| 2N5401       Q5        ; to92_2N5401 ;             ;             ;             ;             ;             ;             ;             ;             
| 2N5401       Q6        ; to92_2N5401 ;             ;             ;             ;             ;             ;             ;             ;             
| 2N5401       Q7        ; to92_2N5401 ;             ;             ;             ;             ;             ;             ;             ;             
| 2N5401       Q8        ; to92_2N5401 ;             ;             ;             ;             ;             ;             ;             ;             
| 2N5401       Q9        ; to92_2N5401 ;             ;             ;             ;             ;             ;             ;             ;             
| 2N5401       Q10       ; to92_2N5401 ;             ;             ;             ;             ;             ;             ;             ;             
| 2N5401       Q11       ; to92_2N5401 ;             ;             ;             ;             ;             ;             ;             ;             
| 2N5401       Q12       ; to92_2N5401 ;             ;             ;             ;             ;             ;             ;             ;             
| 2N5401       Q13       ; to92_2N5401 ;             ;             ;             ;             ;             ;             ;             ;             
| 2N5401       Q14       ; to92_2N5401 ;             ;             ;             ;             ;             ;             ;             ;             
| 2N5401       Q15       ; to92_2N5401 ;             ;             ;             ;             ;             ;             ;             ;             
| 2N5401       Q16       ; to92_2N5401 ;             ;             ;             ;             ;             ;             ;             ;             
| 2N5401       Q17       ; to92_2N5401 ; 2N5401RLRAGOSCT-ND;             ;             ;             ;             ;             ;             ;             
| 4k7          R20       ; RC03        ;             ;             ;             ;             ;             ;             ;             ;             
| 4k7          R21       ; RC03        ;             ;             ;             ;             ;             ;             ;             ;             
| 680E         R33       ; RC03        ;             ;             ;             ;             ;             ;             ;             ;             
| 74LS154      U4        ; DIP-24__600_ELL; 296-8757-5-ND;             ;             ;             ;             ;             ;             ;             
| 7805         U5        ; VOLT_REG_78XX;             ;             ;             ;             ;             ;             ;             ;             
| 7SegDisp     P48       ; pin_strip_8 ;             ;             ;             ;             ;             ;             ;             ;             
| ATMEGA8-P    U3        ; dil_28-300_socket;             ;             ;             ;             ;             ;             ;             ;             
| BAFFLE       BF1       ; BAFFLE      ;             ;             ;             ;             ;             ;             ;             ;             
| CDOT1        CD1       ; pin_strip_4 ;             ;             ;             ;             ;             ;             ;             ;             
| CDOT2        CD2       ; pin_strip_4 ;             ;             ;             ;             ;             ;             ;             ;             
| CDOT3        CD3       ; pin_strip_4 ;             ;             ;             ;             ;             ;             ;             ;             
| CONN_1       P8        ; vite_4mm    ;             ;             ;             ;             ;             ;             ;             ;             
| CONN_1       P9        ; vite_4mm    ;             ;             ;             ;             ;             ;             ;             ;             
| CONN_1       P10       ; vite_4mm    ;             ;             ;             ;             ;             ;             ;             ;             
| CONN_1       P11       ; vite_4mm    ;             ;             ;             ;             ;             ;             ;             ;             
| CONN_1       P14       ; vite_4mm    ;             ;             ;             ;             ;             ;             ;             ;             
| CONN_1       P15       ; vite_4mm    ;             ;             ;             ;             ;             ;             ;             ;             
| CONN_1       P16       ; vite_4mm    ;             ;             ;             ;             ;             ;             ;             ;             
| CONN_1       P17       ; vite_4mm    ;             ;             ;             ;             ;             ;             ;             ;             
| CONN_1       P18       ; vite_4mm    ;             ;             ;             ;             ;             ;             ;             ;             
| CONN_1       P19       ; vite_4mm    ;             ;             ;             ;             ;             ;             ;             ;             
| CONN_1       P20       ; vite_4mm    ;             ;             ;             ;             ;             ;             ;             ;             
| CONN_1       P21       ; vite_4mm    ;             ;             ;             ;             ;             ;             ;             ;             
| CONN_1       P22       ; vite_4mm    ;             ;             ;             ;             ;             ;             ;             ;             
| CONN_1       P23       ; vite_4mm    ;             ;             ;             ;             ;             ;             ;             ;             
| CONN_1       P43       ; Pad01       ;             ;             ;             ;             ;             ;             ;             ;             
| CONN_1       P49       ; vite_3mm    ;             ;             ;             ;             ;             ;             ;             ;             
| CONN_1       P50       ; vite_3mm    ;             ;             ;             ;             ;             ;             ;             ;             
| CONN_1       P51       ; vite_3mm    ;             ;             ;             ;             ;             ;             ;             ;             
| CONN_1       P52       ; vite_3mm    ;             ;             ;             ;             ;             ;             ;             ;             
| CONN_1       rowBoB1   ; vite_3mm    ;             ;             ;             ;             ;             ;             ;             ;             
| CONN_1       rowBoB2   ; vite_3mm    ;             ;             ;             ;             ;             ;             ;             ;             
| DBG          D2        ; led_5mm_blue;             ;             ;             ;             ;             ;             ;             ;             
| DEC          SW2       ; SW_PB_V     ; P10884S-ND  ;             ;             ;             ;             ;             ;             ;             
| DIFFUSER     DF1       ; DIFFUSER    ;             ;             ;             ;             ;             ;             ;             ;             
| DIL6         P24       ; PROTO-6     ;             ;             ;             ;             ;             ;             ;             ;             
| DIL6         P25       ; PROTO-6     ;             ;             ;             ;             ;             ;             ;             ;             
| DIL6         P26       ; PROTO-6     ;             ;             ;             ;             ;             ;             ;             ;             
| DIL6         P27       ; PROTO-6     ;             ;             ;             ;             ;             ;             ;             ;             
| DIL6         P28       ; PROTO-6     ;             ;             ;             ;             ;             ;             ;             ;             
| DIL6         P29       ; PROTO-6     ;             ;             ;             ;             ;             ;             ;             ;             
| DIL6         P30       ; PROTO-6     ;             ;             ;             ;             ;             ;             ;             ;             
| DIL6         P31       ; PROTO-6     ;             ;             ;             ;             ;             ;             ;             ;             
| DIL6         P32       ; PROTO-6     ;             ;             ;             ;             ;             ;             ;             ;             
| DIL6         P33       ; PROTO-6     ;             ;             ;             ;             ;             ;             ;             ;             
| DIL6         P34       ; PROTO-6     ;             ;             ;             ;             ;             ;             ;             ;             
| DIL6         P35       ; PROTO-6     ;             ;             ;             ;             ;             ;             ;             ;             
| DIL6         P36       ; PROTO-6     ;             ;             ;             ;             ;             ;             ;             ;             
| DIL6         P37       ; PROTO-6     ;             ;             ;             ;             ;             ;             ;             ;             
| DIL6         P38       ; PROTO-6     ;             ;             ;             ;             ;             ;             ;             ;             
| DIL6         P39       ; PROTO-6     ;             ;             ;             ;             ;             ;             ;             ;             
| ENTER        SW5       ; SW_PB_V     ; P10884S-ND  ;             ;             ;             ;             ;             ;             ;             
| FACE PLATE   FP1       ; FrontCover  ;             ;             ;             ;             ;             ;             ;             ;             
| FRONT COVER  FC1       ; FrontCover  ;             ;             ;             ;             ;             ;             ;             ;             
| FTDI         P7        ; PIN_STRIP_6-90;             ;             ;             ;             ;             ;             ;             ;             
| INC          SW1       ; SW_PB_V     ; P10884S-ND  ;             ;             ;             ;             ;             ;             ;             
| ISP          P13       ; PIN_STRIP_3X2;             ;             ;             ;             ;             ;             ;             ;             
| LDR          R32       ; pin_strip_2 ;             ;             ;             ;             ;             ;             ;             ;             
| LED          11D01     ; LED_10MM_BLUE;             ;             ;             ;             ;             ;             ;             ;             
| LED          11D02     ; LED_10MM_BLUE;             ;             ;             ;             ;             ;             ;             ;             
| LED          11D03     ; LED_10MM_BLUE;             ;             ;             ;             ;             ;             ;             ;             
| LED          11D04     ; LED_10MM_BLUE;             ;             ;             ;             ;             ;             ;             ;             
| LED          11D05     ; LED_10MM_BLUE;             ;             ;             ;             ;             ;             ;             ;             
| LED          11D06     ; LED_10MM_BLUE;             ;             ;             ;             ;             ;             ;             ;             
| LED          11D07     ; LED_10MM_BLUE;             ;             ;             ;             ;             ;             ;             ;             
| LED          11D08     ; LED_10MM_BLUE;             ;             ;             ;             ;             ;             ;             ;             
| LED          11D09     ; LED_10MM_BLUE;             ;             ;             ;             ;             ;             ;             ;             
| LED          11D10     ; LED_10MM_BLUE;             ;             ;             ;             ;             ;             ;             ;             
| LED          11D11     ; LED_10MM_BLUE;             ;             ;             ;             ;             ;             ;             ;             
| LED          11D12     ; LED_10MM_BLUE;             ;             ;             ;             ;             ;             ;             ;             
| LED          11D13     ; LED_10MM_BLUE;             ;             ;             ;             ;             ;             ;             ;             
| LED          11D14     ; LED_10MM_BLUE;             ;             ;             ;             ;             ;             ;             ;             
| LED          11D15     ; LED_10MM_BLUE;             ;             ;             ;             ;             ;             ;             ;             
| LED          11D16     ; LED_10MM_BLUE;             ;             ;             ;             ;             ;             ;             ;             
| LED          12D01     ; LED_10MM_BLUE;             ;             ;             ;             ;             ;             ;             ;             
| LED          12D02     ; LED_10MM_BLUE;             ;             ;             ;             ;             ;             ;             ;             
| LED          12D03     ; LED_10MM_BLUE;             ;             ;             ;             ;             ;             ;             ;             
| LED          12D04     ; LED_10MM_BLUE;             ;             ;             ;             ;             ;             ;             ;             
| LED          12D05     ; LED_10MM_BLUE;             ;             ;             ;             ;             ;             ;             ;             
| LED          12D06     ; LED_10MM_BLUE;             ;             ;             ;             ;             ;             ;             ;             
| LED          12D07     ; LED_10MM_BLUE;             ;             ;             ;             ;             ;             ;             ;             
| LED          12D08     ; LED_10MM_BLUE;             ;             ;             ;             ;             ;             ;             ;             
| LED          12D09     ; LED_10MM_BLUE;             ;             ;             ;             ;             ;             ;             ;             
| LED          12D10     ; LED_10MM_BLUE;             ;             ;             ;             ;             ;             ;             ;             
| LED          12D11     ; LED_10MM_BLUE;             ;             ;             ;             ;             ;             ;             ;             
| LED          12D12     ; LED_10MM_BLUE;             ;             ;             ;             ;             ;             ;             ;             
| LED          12D13     ; LED_10MM_BLUE;             ;             ;             ;             ;             ;             ;             ;             
| LED          12D14     ; LED_10MM_BLUE;             ;             ;             ;             ;             ;             ;             ;             
| LED          12D15     ; LED_10MM_BLUE;             ;             ;             ;             ;             ;             ;             ;             
| LED          12D16     ; LED_10MM_BLUE;             ;             ;             ;             ;             ;             ;             ;             
| LED_ENABLE   K2        ; pin_strip_3 ;             ;             ;             ;             ;             ;             ;             ;             
| LED_RGB      01D01     ; 01D01       ;             ;             ;             ;             ;             ;             ;             ;             
| LED_RGB      01D02     ; 01D01       ;             ;             ;             ;             ;             ;             ;             ;             
| LED_RGB      01D03     ; 01D01       ;             ;             ;             ;             ;             ;             ;             ;             
| LED_RGB      01D04     ; 01D01       ;             ;             ;             ;             ;             ;             ;             ;             
| LED_RGB      01D05     ; 01D01       ;             ;             ;             ;             ;             ;             ;             ;             
| LED_RGB      01D06     ; 01D01       ;             ;             ;             ;             ;             ;             ;             ;             
| LED_RGB      01D07     ; 01D01       ;             ;             ;             ;             ;             ;             ;             ;             
| LED_RGB      01D08     ; 01D01       ;             ;             ;             ;             ;             ;             ;             ;             
| LED_RGB      01D09     ; 01D01       ;             ;             ;             ;             ;             ;             ;             ;             
| LED_RGB      01D10     ; 01D01       ;             ;             ;             ;             ;             ;             ;             ;             
| LED_RGB      01D11     ; 01D01       ;             ;             ;             ;             ;             ;             ;             ;             
| LED_RGB      01D12     ; 01D01       ;             ;             ;             ;             ;             ;             ;             ;             
| LED_RGB      01D13     ; 01D01       ;             ;             ;             ;             ;             ;             ;             ;             
| LED_RGB      01D14     ; 01D01       ;             ;             ;             ;             ;             ;             ;             ;             
| LED_RGB      01D15     ; 01D01       ;             ;             ;             ;             ;             ;             ;             ;             
| LED_RGB      01D16     ; 01D01       ;             ;             ;             ;             ;             ;             ;             ;             
| LED_RGB      02D01     ; 01D01       ;             ;             ;             ;             ;             ;             ;             ;             
| LED_RGB      02D02     ; 01D01       ;             ;             ;             ;             ;             ;             ;             ;             
| LED_RGB      02D03     ; 01D01       ;             ;             ;             ;             ;             ;             ;             ;             
| LED_RGB      02D04     ; 01D01       ;             ;             ;             ;             ;             ;             ;             ;             
| LED_RGB      02D05     ; 01D01       ;             ;             ;             ;             ;             ;             ;             ;             
| LED_RGB      02D06     ; 01D01       ;             ;             ;             ;             ;             ;             ;             ;             
| LED_RGB      02D07     ; 01D01       ;             ;             ;             ;             ;             ;             ;             ;             
| LED_RGB      02D08     ; 01D01       ;             ;             ;             ;             ;             ;             ;             ;             
| LED_RGB      02D09     ; 01D01       ;             ;             ;             ;             ;             ;             ;             ;             
| LED_RGB      02D10     ; 01D01       ;             ;             ;             ;             ;             ;             ;             ;             
| LED_RGB      02D11     ; 01D01       ;             ;             ;             ;             ;             ;             ;             ;             
| LED_RGB      02D12     ; 01D01       ;             ;             ;             ;             ;             ;             ;             ;             
| LED_RGB      02D13     ; 01D01       ;             ;             ;             ;             ;             ;             ;             ;             
| LED_RGB      02D14     ; 01D01       ;             ;             ;             ;             ;             ;             ;             ;             
| LED_RGB      02D15     ; 01D01       ;             ;             ;             ;             ;             ;             ;             ;             
| LED_RGB      02D16     ; 01D01       ;             ;             ;             ;             ;             ;             ;             ;             
| LED_RGB      03D01     ; 01D01       ;             ;             ;             ;             ;             ;             ;             ;             
| LED_RGB      03D02     ; 01D01       ;             ;             ;             ;             ;             ;             ;             ;             
| LED_RGB      03D03     ; 01D01       ;             ;             ;             ;             ;             ;             ;             ;             
| LED_RGB      03D04     ; 01D01       ;             ;             ;             ;             ;             ;             ;             ;             
| LED_RGB      03D05     ; 01D01       ;             ;             ;             ;             ;             ;             ;             ;             
| LED_RGB      03D06     ; 01D01       ;             ;             ;             ;             ;             ;             ;             ;             
| LED_RGB      03D07     ; 01D01       ;             ;             ;             ;             ;             ;             ;             ;             
| LED_RGB      03D08     ; 01D01       ;             ;             ;             ;             ;             ;             ;             ;             
| LED_RGB      03D09     ; 01D01       ;             ;             ;             ;             ;             ;             ;             ;             
| LED_RGB      03D10     ; 01D01       ;             ;             ;             ;             ;             ;             ;             ;             
| LED_RGB      03D11     ; 01D01       ;             ;             ;             ;             ;             ;             ;             ;             
| LED_RGB      03D12     ; 01D01       ;             ;             ;             ;             ;             ;             ;             ;             
| LED_RGB      03D13     ; 01D01       ;             ;             ;             ;             ;             ;             ;             ;             
| LED_RGB      03D14     ; 01D01       ;             ;             ;             ;             ;             ;             ;             ;             
| LED_RGB      03D15     ; 01D01       ;             ;             ;             ;             ;             ;             ;             ;             
| LED_RGB      03D16     ; 01D01       ;             ;             ;             ;             ;             ;             ;             ;             
| LED_RGB      04D01     ; 01D01       ;             ;             ;             ;             ;             ;             ;             ;             
| LED_RGB      04D02     ; 01D01       ;             ;             ;             ;             ;             ;             ;             ;             
| LED_RGB      04D03     ; 01D01       ;             ;             ;             ;             ;             ;             ;             ;             
| LED_RGB      04D04     ; 01D01       ;             ;             ;             ;             ;             ;             ;             ;             
| LED_RGB      04D05     ; 01D01       ;             ;             ;             ;             ;             ;             ;             ;             
| LED_RGB      04D06     ; 01D01       ;             ;             ;             ;             ;             ;             ;             ;             
| LED_RGB      04D07     ; 01D01       ;             ;             ;             ;             ;             ;             ;             ;             
| LED_RGB      04D08     ; 01D01       ;             ;             ;             ;             ;             ;             ;             ;             
| LED_RGB      04D09     ; 01D01       ;             ;             ;             ;             ;             ;             ;             ;             
| LED_RGB      04D10     ; 01D01       ;             ;             ;             ;             ;             ;             ;             ;             
| LED_RGB      04D11     ; 01D01       ;             ;             ;             ;             ;             ;             ;             ;             
| LED_RGB      04D12     ; 01D01       ;             ;             ;             ;             ;             ;             ;             ;             
| LED_RGB      04D13     ; 01D01       ;             ;             ;             ;             ;             ;             ;             ;             
| LED_RGB      04D14     ; 01D01       ;             ;             ;             ;             ;             ;             ;             ;             
| LED_RGB      04D15     ; 01D01       ;             ;             ;             ;             ;             ;             ;             ;             
| LED_RGB      04D16     ; 01D01       ;             ;             ;             ;             ;             ;             ;             ;             
| LED_RGB      05D01     ; 01D01       ;             ;             ;             ;             ;             ;             ;             ;             
| LED_RGB      05D02     ; 01D01       ;             ;             ;             ;             ;             ;             ;             ;             
| LED_RGB      05D03     ; 01D01       ;             ;             ;             ;             ;             ;             ;             ;             
| LED_RGB      05D04     ; 01D01       ;             ;             ;             ;             ;             ;             ;             ;             
| LED_RGB      05D05     ; 01D01       ;             ;             ;             ;             ;             ;             ;             ;             
| LED_RGB      05D06     ; 01D01       ;             ;             ;             ;             ;             ;             ;             ;             
| LED_RGB      05D07     ; 01D01       ;             ;             ;             ;             ;             ;             ;             ;             
| LED_RGB      05D08     ; 01D01       ;             ;             ;             ;             ;             ;             ;             ;             
| LED_RGB      05D09     ; 01D01       ;             ;             ;             ;             ;             ;             ;             ;             
| LED_RGB      05D10     ; 01D01       ;             ;             ;             ;             ;             ;             ;             ;             
| LED_RGB      05D11     ; 01D01       ;             ;             ;             ;             ;             ;             ;             ;             
| LED_RGB      05D12     ; 01D01       ;             ;             ;             ;             ;             ;             ;             ;             
| LED_RGB      05D13     ; 01D01       ;             ;             ;             ;             ;             ;             ;             ;             
| LED_RGB      05D14     ; 01D01       ;             ;             ;             ;             ;             ;             ;             ;             
| LED_RGB      05D15     ; 01D01       ;             ;             ;             ;             ;             ;             ;             ;             
| LED_RGB      05D16     ; 01D01       ;             ;             ;             ;             ;             ;             ;             ;             
| LED_RGB      06D01     ; 01D01       ;             ;             ;             ;             ;             ;             ;             ;             
| LED_RGB      06D02     ; 01D01       ;             ;             ;             ;             ;             ;             ;             ;             
| LED_RGB      06D03     ; 01D01       ;             ;             ;             ;             ;             ;             ;             ;             
| LED_RGB      06D04     ; 01D01       ;             ;             ;             ;             ;             ;             ;             ;             
| LED_RGB      06D05     ; 01D01       ;             ;             ;             ;             ;             ;             ;             ;             
| LED_RGB      06D06     ; 01D01       ;             ;             ;             ;             ;             ;             ;             ;             
| LED_RGB      06D07     ; 01D01       ;             ;             ;             ;             ;             ;             ;             ;             
| LED_RGB      06D08     ; 01D01       ;             ;             ;             ;             ;             ;             ;             ;             
| LED_RGB      06D09     ; 01D01       ;             ;             ;             ;             ;             ;             ;             ;             
| LED_RGB      06D10     ; 01D01       ;             ;             ;             ;             ;             ;             ;             ;             
| LED_RGB      06D11     ; 01D01       ;             ;             ;             ;             ;             ;             ;             ;             
| LED_RGB      06D12     ; 01D01       ;             ;             ;             ;             ;             ;             ;             ;             
| LED_RGB      06D13     ; 01D01       ;             ;             ;             ;             ;             ;             ;             ;             
| LED_RGB      06D14     ; 01D01       ;             ;             ;             ;             ;             ;             ;             ;             
| LED_RGB      06D15     ; 01D01       ;             ;             ;             ;             ;             ;             ;             ;             
| LED_RGB      06D16     ; 01D01       ;             ;             ;             ;             ;             ;             ;             ;             
| LED_RGB      07D01     ; 01D01       ;             ;             ;             ;             ;             ;             ;             ;             
| LED_RGB      07D02     ; 01D01       ;             ;             ;             ;             ;             ;             ;             ;             
| LED_RGB      07D03     ; 01D01       ;             ;             ;             ;             ;             ;             ;             ;             
| LED_RGB      07D04     ; 01D01       ;             ;             ;             ;             ;             ;             ;             ;             
| LED_RGB      07D05     ; 01D01       ;             ;             ;             ;             ;             ;             ;             ;             
| LED_RGB      07D06     ; 01D01       ;             ;             ;             ;             ;             ;             ;             ;             
| LED_RGB      07D07     ; 01D01       ;             ;             ;             ;             ;             ;             ;             ;             
| LED_RGB      07D08     ; 01D01       ;             ;             ;             ;             ;             ;             ;             ;             
| LED_RGB      07D09     ; 01D01       ;             ;             ;             ;             ;             ;             ;             ;             
| LED_RGB      07D10     ; 01D01       ;             ;             ;             ;             ;             ;             ;             ;             
| LED_RGB      07D11     ; 01D01       ;             ;             ;             ;             ;             ;             ;             ;             
| LED_RGB      07D12     ; 01D01       ;             ;             ;             ;             ;             ;             ;             ;             
| LED_RGB      07D13     ; 01D01       ;             ;             ;             ;             ;             ;             ;             ;             
| LED_RGB      07D14     ; 01D01       ;             ;             ;             ;             ;             ;             ;             ;             
| LED_RGB      07D15     ; 01D01       ;             ;             ;             ;             ;             ;             ;             ;             
| LED_RGB      07D16     ; 01D01       ;             ;             ;             ;             ;             ;             ;             ;             
| LED_RGB      08D01     ; 01D01       ;             ;             ;             ;             ;             ;             ;             ;             
| LED_RGB      08D02     ; 01D01       ;             ;             ;             ;             ;             ;             ;             ;             
| LED_RGB      08D03     ; 01D01       ;             ;             ;             ;             ;             ;             ;             ;             
| LED_RGB      08D04     ; 01D01       ;             ;             ;             ;             ;             ;             ;             ;             
| LED_RGB      08D05     ; 01D01       ;             ;             ;             ;             ;             ;             ;             ;             
| LED_RGB      08D06     ; 01D01       ;             ;             ;             ;             ;             ;             ;             ;             
| LED_RGB      08D07     ; 01D01       ;             ;             ;             ;             ;             ;             ;             ;             
| LED_RGB      08D08     ; 01D01       ;             ;             ;             ;             ;             ;             ;             ;             
| LED_RGB      08D09     ; 01D01       ;             ;             ;             ;             ;             ;             ;             ;             
| LED_RGB      08D10     ; 01D01       ;             ;             ;             ;             ;             ;             ;             ;             
| LED_RGB      08D11     ; 01D01       ;             ;             ;             ;             ;             ;             ;             ;             
| LED_RGB      08D12     ; 01D01       ;             ;             ;             ;             ;             ;             ;             ;             
| LED_RGB      08D13     ; 01D01       ;             ;             ;             ;             ;             ;             ;             ;             
| LED_RGB      08D14     ; 01D01       ;             ;             ;             ;             ;             ;             ;             ;             
| LED_RGB      08D15     ; 01D01       ;             ;             ;             ;             ;             ;             ;             ;             
| LED_RGB      08D16     ; 01D01       ;             ;             ;             ;             ;             ;             ;             ;             
| LED_RGB      09D01     ; 01D01       ;             ;             ;             ;             ;             ;             ;             ;             
| LED_RGB      09D02     ; 01D01       ;             ;             ;             ;             ;             ;             ;             ;             
| LED_RGB      09D03     ; 01D01       ;             ;             ;             ;             ;             ;             ;             ;             
| LED_RGB      09D04     ; 01D01       ;             ;             ;             ;             ;             ;             ;             ;             
| LED_RGB      09D05     ; 01D01       ;             ;             ;             ;             ;             ;             ;             ;             
| LED_RGB      09D06     ; 01D01       ;             ;             ;             ;             ;             ;             ;             ;             
| LED_RGB      09D07     ; 01D01       ;             ;             ;             ;             ;             ;             ;             ;             
| LED_RGB      09D08     ; 01D01       ;             ;             ;             ;             ;             ;             ;             ;             
| LED_RGB      09D09     ; 01D01       ;             ;             ;             ;             ;             ;             ;             ;             
| LED_RGB      09D10     ; 01D01       ;             ;             ;             ;             ;             ;             ;             ;             
| LED_RGB      09D11     ; 01D01       ;             ;             ;             ;             ;             ;             ;             ;             
| LED_RGB      09D12     ; 01D01       ;             ;             ;             ;             ;             ;             ;             ;             
| LED_RGB      09D13     ; 01D01       ;             ;             ;             ;             ;             ;             ;             ;             
| LED_RGB      09D14     ; 01D01       ;             ;             ;             ;             ;             ;             ;             ;             
| LED_RGB      09D15     ; 01D01       ;             ;             ;             ;             ;             ;             ;             ;             
| LED_RGB      09D16     ; 01D01       ;             ;             ;             ;             ;             ;             ;             ;             
| LED_RGB      10D01     ; 01D01       ;             ;             ;             ;             ;             ;             ;             ;             
| LED_RGB      10D02     ; 01D01       ;             ;             ;             ;             ;             ;             ;             ;             
| LED_RGB      10D03     ; 01D01       ;             ;             ;             ;             ;             ;             ;             ;             
| LED_RGB      10D04     ; 01D01       ;             ;             ;             ;             ;             ;             ;             ;             
| LED_RGB      10D05     ; 01D01       ;             ;             ;             ;             ;             ;             ;             ;             
| LED_RGB      10D06     ; 01D01       ;             ;             ;             ;             ;             ;             ;             ;             
| LED_RGB      10D07     ; 01D01       ;             ;             ;             ;             ;             ;             ;             ;             
| LED_RGB      10D08     ; 01D01       ;             ;             ;             ;             ;             ;             ;             ;             
| LED_RGB      10D09     ; 01D01       ;             ;             ;             ;             ;             ;             ;             ;             
| LED_RGB      10D10     ; 01D01       ;             ;             ;             ;             ;             ;             ;             ;             
| LED_RGB      10D11     ; 01D01       ;             ;             ;             ;             ;             ;             ;             ;             
| LED_RGB      10D12     ; 01D01       ;             ;             ;             ;             ;             ;             ;             ;             
| LED_RGB      10D13     ; 01D01       ;             ;             ;             ;             ;             ;             ;             ;             
| LED_RGB      10D14     ; 01D01       ;             ;             ;             ;             ;             ;             ;             ;             
| LED_RGB      10D15     ; 01D01       ;             ;             ;             ;             ;             ;             ;             ;             
| LED_RGB      10D16     ; 01D01       ;             ;             ;             ;             ;             ;             ;             ;             
| MODE         SW3       ; SW_PB_V     ; P10884S-ND  ;             ;             ;             ;             ;             ;             ;             
| PWR          D4        ; led_5mm_blue;             ;             ;             ;             ;             ;             ;             ;             
| PWR SEL      K1        ; pin_strip_3 ;             ;             ;             ;             ;             ;             ;             ;             
| RST          SW4       ; SW_PB_V     ; P10884S-ND  ;             ;             ;             ;             ;             ;             ;             
| SCREW        MP1       ; MtgPost     ;             ;             ;             ;             ;             ;             ;             ;             
| SCREW        MT1       ; VITE_CSK_3MM;             ;             ;             ;             ;             ;             ;             ;             
| SCREW        MT2       ; VITE_CSK_3MM;             ;             ;             ;             ;             ;             ;             ;             
| SCREW        MT3       ; vite_csk_3mm;             ;             ;             ;             ;             ;             ;             ;             
| SCREW        MT4       ; VITE_CSK_3MM;             ;             ;             ;             ;             ;             ;             ;             
| SCREW        MT5       ; VITE_CSK_3MM;             ;             ;             ;             ;             ;             ;             ;             
| SCREW        MT6       ; vite_csk_3mm;             ;             ;             ;             ;             ;             ;             ;             
| SCREW        MT7       ; VITE_CSK_3MM;             ;             ;             ;             ;             ;             ;             ;             
| SCREW        MT8       ; VITE_CSK_3MM;             ;             ;             ;             ;             ;             ;             ;             
| SCREW        MT10      ; vite_csk_3mm;             ;             ;             ;             ;             ;             ;             ;             
| SCREW        MT11      ; VITE_CSK_3MM;             ;             ;             ;             ;             ;             ;             ;             
| SCREW        MT12      ; VITE_CSK_3MM;             ;             ;             ;             ;             ;             ;             ;             
| SCREW        MT13      ; vite_csk_3mm;             ;             ;             ;             ;             ;             ;             ;             
| SCREW        MT14      ; VITE_CSK_3MM;             ;             ;             ;             ;             ;             ;             ;             
| SPEAKER      SP1       ; SPEAKER     ; 102-1169-ND ;             ;             ;             ;             ;             ;             ;             
| STACK-L      P41       ; pin_sck_4-90;             ;             ;             ;             ;             ;             ;             ;             
| STACK-R      P42       ; PIN_STRIP_4-90;             ;             ;             ;             ;             ;             ;             ;             
| STP16DP05    DIL-U1    ; SCK-24_600_ELL; 497-5975-1-ND;             ;             ;             ;             ;             ;             ;             
| STP16DP05    DIL-U2    ; SCK-24_600_ELL; 497-5975-1-ND;             ;             ;             ;             ;             ;             ;             
| V_IN         J1        ; JACK_ALIM   ; 7 - 12V DC  ;             ;             ;             ;             ;             ;             ;             
| V_OUT        P12       ; pin_strip_3 ;             ;             ;             ;             ;             ;             ;             ;             
#End Cmp

#End List
